******************************************************************************
                  TI ARM Linker PC v16.9.6                     
******************************************************************************
>> Linked Fri Mar 30 14:25:43 2018

OUTPUT FILE NAME:   <EGCP_280_Lab_8.out>
ENTRY POINT SYMBOL: "_c_int00"  address: 000004b1


MEMORY CONFIGURATION

         name            origin    length      used     unused   attr    fill
----------------------  --------  ---------  --------  --------  ----  --------
  MAIN                  00000000   00040000  00000618  0003f9e8  R  X
  INFO                  00200000   00004000  00000000  00004000  R  X
  SRAM_CODE             01000000   00010000  00000000  00010000  RW X
  SRAM_DATA             20000000   00010000  00000218  0000fde8  RW  


SEGMENT ALLOCATION MAP

run origin  load origin   length   init length attrs members
----------  ----------- ---------- ----------- ----- -------
00000000    00000000    0000061c   0000061c    r-x
  00000000    00000000    00000144   00000144    r-- .intvecs
  00000144    00000144    000004b0   000004b0    r-x .text
  000005f8    000005f8    00000024   00000024    r-- .cinit
20000000    20000000    00000018   00000000    rw-
  20000000    20000000    00000018   00000000    rw- .data
2000fe00    2000fe00    00000200   00000000    rw-
  2000fe00    2000fe00    00000200   00000000    rw- .stack


SECTION ALLOCATION MAP

 output                                  attributes/
section   page    origin      length       input sections
--------  ----  ----------  ----------   ----------------
.intvecs   0    00000000    00000144     
                  00000000    00000144     msp432_startup_ccs.obj (.intvecs)

.text      0    00000144    000004b0     
                  00000144    0000015c     asm_main.obj (.text)
                  000002a0    0000009c     rtsv7M4_T_le_v4SPD16_eabi.lib : memcpy_t2.obj (.text)
                  0000033c    0000009a     msp432_startup_ccs.obj (.text)
                  000003d6    00000002     rtsv7M4_T_le_v4SPD16_eabi.lib : mpu_init.obj (.text)
                  000003d8    00000070                                   : autoinit.obj (.text)
                  00000448    00000068                                   : copy_decompress_lzss.obj (.text:decompress:lzss)
                  000004b0    00000054                                   : boot.obj (.text)
                  00000504    00000054                                   : exit.obj (.text)
                  00000558    0000004c                                   : cpy_tbl.obj (.text)
                  000005a4    00000018                                   : args_main.obj (.text)
                  000005bc    00000014                                   : _lock.obj (.text)
                  000005d0    00000010     main.obj (.text)
                  000005e0    0000000e     rtsv7M4_T_le_v4SPD16_eabi.lib : copy_decompress_none.obj (.text:decompress:none)
                  000005ee    00000004                                   : pre_init.obj (.text)
                  000005f2    00000002                                   : startup.obj (.text)

.cinit     0    000005f8    00000024     
                  000005f8    00000011     (.cinit..data.load) [load image, compression = lzss]
                  00000609    00000003     --HOLE-- [fill = 0]
                  0000060c    00000008     (__TI_handler_table)
                  00000614    00000008     (__TI_cinit_table)

.data      0    20000000    00000018     UNINITIALIZED
                  20000000    0000000c     rtsv7M4_T_le_v4SPD16_eabi.lib : exit.obj (.data:$O1$$)
                  2000000c    00000008                                   : _lock.obj (.data:$O1$$)
                  20000014    00000004                                   : stkdepth_vars.obj (.data)

.stack     0    2000fe00    00000200     UNINITIALIZED
                  2000fe00    00000200     --HOLE--

MODULE SUMMARY

       Module                     code   ro data   rw data
       ------                     ----   -------   -------
    .\
       msp432_startup_ccs.obj     154    324       0      
       asm_main.obj               348    0         0      
       main.obj                   16     0         0      
    +--+--------------------------+------+---------+---------+
       Total:                     518    324       0      
                                                          
    C:\ti\ccsv7\tools\compiler\ti-cgt-arm_16.9.6.LTS\lib\rtsv7M4_T_le_v4SPD16_eabi.lib
       memcpy_t2.obj              156    0         0      
       autoinit.obj               112    0         0      
       copy_decompress_lzss.obj   104    0         0      
       exit.obj                   84     0         12     
       boot.obj                   84     0         0      
       cpy_tbl.obj                76     0         0      
       _lock.obj                  20     0         8      
       args_main.obj              24     0         0      
       copy_decompress_none.obj   14     0         0      
       pre_init.obj               4      0         0      
       stkdepth_vars.obj          0      0         4      
       mpu_init.obj               2      0         0      
       startup.obj                2      0         0      
    +--+--------------------------+------+---------+---------+
       Total:                     682    0         24     
                                                          
       Stack:                     0      0         512    
       Linker Generated:          0      33        0      
    +--+--------------------------+------+---------+---------+
       Grand Total:               1200   357       536    


LINKER GENERATED COPY TABLES

__TI_cinit_table @ 00000614 records: 1, size/record: 8, table size: 8
	.data: load addr=000005f8, load size=00000011 bytes, run addr=20000000, run size=00000018 bytes, compression=lzss


LINKER GENERATED HANDLER TABLE

__TI_handler_table @ 0000060c records: 2, size/record: 4, table size: 8
	index: 0, handler: __TI_decompress_lzss
	index: 1, handler: __TI_decompress_none


GLOBAL SYMBOLS: SORTED ALPHABETICALLY BY Name 

address   name                           
-------   ----                           
00000391  ADC14_IRQHandler               
00000399  AES256_IRQHandler              
00000505  C$$EXIT                        
0000036d  COMP_E0_IRQHandler             
0000036f  COMP_E1_IRQHandler             
00000363  CS_IRQHandler                  
0000039d  DMA_ERR_IRQHandler             
000003a5  DMA_INT0_IRQHandler            
000003a3  DMA_INT1_IRQHandler            
000003a1  DMA_INT2_IRQHandler            
0000039f  DMA_INT3_IRQHandler            
0000035b  DebugMon_Handler               
000003b3  DisableInterrupts              
00000381  EUSCIA0_IRQHandler             
00000383  EUSCIA1_IRQHandler             
00000385  EUSCIA2_IRQHandler             
00000387  EUSCIA3_IRQHandler             
00000389  EUSCIB0_IRQHandler             
0000038b  EUSCIB1_IRQHandler             
0000038d  EUSCIB2_IRQHandler             
0000038f  EUSCIB3_IRQHandler             
000003b9  EnableInterrupts               
000003c9  EndCritical                    
0000036b  FLCTL_IRQHandler               
00000369  FPU_IRQHandler                 
00000365  PCM_IRQHandler                 
000005d1  PORT1_IRQHandler               
000003a9  PORT2_IRQHandler               
000003ab  PORT3_IRQHandler               
000003ad  PORT4_IRQHandler               
000003af  PORT5_IRQHandler               
000003b1  PORT6_IRQHandler               
00000361  PSS_IRQHandler                 
0000035d  PendSV_Handler                 
0000021b  Port1_ISR                      
0000039b  RTC_C_IRQHandler               
UNDEFED   SHT$$INIT_ARRAY$$Base          
UNDEFED   SHT$$INIT_ARRAY$$Limit         
00000359  SVC_Handler                    
000003bf  StartCritical                  
0000035f  SysTick_Handler                
00000393  T32_INT1_IRQHandler            
00000395  T32_INT2_IRQHandler            
00000397  T32_INTC_IRQHandler            
00000371  TA0_0_IRQHandler               
00000373  TA0_N_IRQHandler               
00000375  TA1_0_IRQHandler               
00000377  TA1_N_IRQHandler               
00000379  TA2_0_IRQHandler               
0000037b  TA2_N_IRQHandler               
0000037d  TA3_0_IRQHandler               
0000037f  TA3_N_IRQHandler               
4000480c  WDTCTL_SYM                     
00000367  WDT_A_IRQHandler               
000003d1  WaitForInterrupt               
20010000  __STACK_END                    
00000200  __STACK_SIZE                   
00000614  __TI_CINIT_Base                
0000061c  __TI_CINIT_Limit               
0000060c  __TI_Handler_Table_Base        
00000614  __TI_Handler_Table_Limit       
000003d9  __TI_auto_init                 
20000000  __TI_cleanup_ptr               
00000449  __TI_decompress_lzss           
000005e1  __TI_decompress_none           
20000004  __TI_dtors_ptr                 
20000008  __TI_enable_exit_profile_output
ffffffff  __TI_pprof_out_hndl            
ffffffff  __TI_prof_data_size            
ffffffff  __TI_prof_data_start           
00000000  __TI_static_base__             
000002a1  __aeabi_memcpy                 
000002a1  __aeabi_memcpy4                
000002a1  __aeabi_memcpy8                
ffffffff  __binit__                      
ffffffff  __c_args__                     
000003d7  __mpu_init                     
2000fe00  __stack                        
000005a5  _args_main                     
000004b1  _c_int00                       
2000000c  _lock                          
000005cb  _nop                           
000005c3  _register_lock                 
000005bd  _register_unlock               
000005f3  _system_post_cinit             
000005ef  _system_pre_init               
20000010  _unlock                        
00000509  abort                          
00000185  asm_main                       
ffffffff  binit                          
00000559  copy_in                        
00000511  exit                           
00000000  interruptVectors               
000005d9  main                           
20000014  main_func_sp                   
000002a1  memcpy                         


GLOBAL SYMBOLS: SORTED BY Symbol Address 

address   name                           
-------   ----                           
00000000  __TI_static_base__             
00000000  interruptVectors               
00000185  asm_main                       
00000200  __STACK_SIZE                   
0000021b  Port1_ISR                      
000002a1  __aeabi_memcpy                 
000002a1  __aeabi_memcpy4                
000002a1  __aeabi_memcpy8                
000002a1  memcpy                         
00000359  SVC_Handler                    
0000035b  DebugMon_Handler               
0000035d  PendSV_Handler                 
0000035f  SysTick_Handler                
00000361  PSS_IRQHandler                 
00000363  CS_IRQHandler                  
00000365  PCM_IRQHandler                 
00000367  WDT_A_IRQHandler               
00000369  FPU_IRQHandler                 
0000036b  FLCTL_IRQHandler               
0000036d  COMP_E0_IRQHandler             
0000036f  COMP_E1_IRQHandler             
00000371  TA0_0_IRQHandler               
00000373  TA0_N_IRQHandler               
00000375  TA1_0_IRQHandler               
00000377  TA1_N_IRQHandler               
00000379  TA2_0_IRQHandler               
0000037b  TA2_N_IRQHandler               
0000037d  TA3_0_IRQHandler               
0000037f  TA3_N_IRQHandler               
00000381  EUSCIA0_IRQHandler             
00000383  EUSCIA1_IRQHandler             
00000385  EUSCIA2_IRQHandler             
00000387  EUSCIA3_IRQHandler             
00000389  EUSCIB0_IRQHandler             
0000038b  EUSCIB1_IRQHandler             
0000038d  EUSCIB2_IRQHandler             
0000038f  EUSCIB3_IRQHandler             
00000391  ADC14_IRQHandler               
00000393  T32_INT1_IRQHandler            
00000395  T32_INT2_IRQHandler            
00000397  T32_INTC_IRQHandler            
00000399  AES256_IRQHandler              
0000039b  RTC_C_IRQHandler               
0000039d  DMA_ERR_IRQHandler             
0000039f  DMA_INT3_IRQHandler            
000003a1  DMA_INT2_IRQHandler            
000003a3  DMA_INT1_IRQHandler            
000003a5  DMA_INT0_IRQHandler            
000003a9  PORT2_IRQHandler               
000003ab  PORT3_IRQHandler               
000003ad  PORT4_IRQHandler               
000003af  PORT5_IRQHandler               
000003b1  PORT6_IRQHandler               
000003b3  DisableInterrupts              
000003b9  EnableInterrupts               
000003bf  StartCritical                  
000003c9  EndCritical                    
000003d1  WaitForInterrupt               
000003d7  __mpu_init                     
000003d9  __TI_auto_init                 
00000449  __TI_decompress_lzss           
000004b1  _c_int00                       
00000505  C$$EXIT                        
00000509  abort                          
00000511  exit                           
00000559  copy_in                        
000005a5  _args_main                     
000005bd  _register_unlock               
000005c3  _register_lock                 
000005cb  _nop                           
000005d1  PORT1_IRQHandler               
000005d9  main                           
000005e1  __TI_decompress_none           
000005ef  _system_pre_init               
000005f3  _system_post_cinit             
0000060c  __TI_Handler_Table_Base        
00000614  __TI_CINIT_Base                
00000614  __TI_Handler_Table_Limit       
0000061c  __TI_CINIT_Limit               
20000000  __TI_cleanup_ptr               
20000004  __TI_dtors_ptr                 
20000008  __TI_enable_exit_profile_output
2000000c  _lock                          
20000010  _unlock                        
20000014  main_func_sp                   
2000fe00  __stack                        
20010000  __STACK_END                    
4000480c  WDTCTL_SYM                     
ffffffff  __TI_pprof_out_hndl            
ffffffff  __TI_prof_data_size            
ffffffff  __TI_prof_data_start           
ffffffff  __binit__                      
ffffffff  __c_args__                     
ffffffff  binit                          
UNDEFED   SHT$$INIT_ARRAY$$Base          
UNDEFED   SHT$$INIT_ARRAY$$Limit         

[96 symbols]
