******************************************************************************
                  TI ARM Linker PC v16.9.6                     
******************************************************************************
>> Linked Wed Apr 04 12:48:05 2018

OUTPUT FILE NAME:   <EGCP_280_Lab_8_Part_2.out>
ENTRY POINT SYMBOL: "_c_int00"  address: 000004e9


MEMORY CONFIGURATION

         name            origin    length      used     unused   attr    fill
----------------------  --------  ---------  --------  --------  ----  --------
  MAIN                  00000000   00040000  00000650  0003f9b0  R  X
  INFO                  00200000   00004000  00000000  00004000  R  X
  SRAM_CODE             01000000   00010000  00000000  00010000  RW X
  SRAM_DATA             20000000   00010000  00000219  0000fde7  RW  


SEGMENT ALLOCATION MAP

run origin  load origin   length   init length attrs members
----------  ----------- ---------- ----------- ----- -------
00000000    00000000    00000654   00000654    r-x
  00000000    00000000    00000144   00000144    r-- .intvecs
  00000144    00000144    000004e8   000004e8    r-x .text
  00000630    00000630    00000024   00000024    r-- .cinit
20000000    20000000    00000019   00000000    rw-
  20000000    20000000    00000019   00000000    rw- .data
2000fe00    2000fe00    00000200   00000000    rw-
  2000fe00    2000fe00    00000200   00000000    rw- .stack


SECTION ALLOCATION MAP

 output                                  attributes/
section   page    origin      length       input sections
--------  ----  ----------  ----------   ----------------
.intvecs   0    00000000    00000144     
                  00000000    00000144     msp432_startup_ccs.obj (.intvecs)

.text      0    00000144    000004e8     
                  00000144    00000194     asm_main.obj (.text)
                  000002d8    0000009c     rtsv7M4_T_le_v4SPD16_eabi.lib : memcpy_t2.obj (.text)
                  00000374    0000009a     msp432_startup_ccs.obj (.text)
                  0000040e    00000002     rtsv7M4_T_le_v4SPD16_eabi.lib : mpu_init.obj (.text)
                  00000410    00000070                                   : autoinit.obj (.text)
                  00000480    00000068                                   : copy_decompress_lzss.obj (.text:decompress:lzss)
                  000004e8    00000054                                   : boot.obj (.text)
                  0000053c    00000054                                   : exit.obj (.text)
                  00000590    0000004c                                   : cpy_tbl.obj (.text)
                  000005dc    00000018                                   : args_main.obj (.text)
                  000005f4    00000014                                   : _lock.obj (.text)
                  00000608    00000010     main.obj (.text)
                  00000618    0000000e     rtsv7M4_T_le_v4SPD16_eabi.lib : copy_decompress_none.obj (.text:decompress:none)
                  00000626    00000004                                   : pre_init.obj (.text)
                  0000062a    00000002                                   : startup.obj (.text)

.cinit     0    00000630    00000024     
                  00000630    00000012     (.cinit..data.load) [load image, compression = lzss]
                  00000642    00000002     --HOLE-- [fill = 0]
                  00000644    00000008     (__TI_handler_table)
                  0000064c    00000008     (__TI_cinit_table)

.data      0    20000000    00000019     UNINITIALIZED
                  20000000    0000000c     rtsv7M4_T_le_v4SPD16_eabi.lib : exit.obj (.data:$O1$$)
                  2000000c    00000008                                   : _lock.obj (.data:$O1$$)
                  20000014    00000004                                   : stkdepth_vars.obj (.data)
                  20000018    00000001     asm_main.obj (.data)

.stack     0    2000fe00    00000200     UNINITIALIZED
                  2000fe00    00000200     --HOLE--

MODULE SUMMARY

       Module                     code   ro data   rw data
       ------                     ----   -------   -------
    .\
       msp432_startup_ccs.obj     154    324       0      
       asm_main.obj               404    0         1      
       main.obj                   16     0         0      
    +--+--------------------------+------+---------+---------+
       Total:                     574    324       1      
                                                          
    C:\ti\ccsv7\tools\compiler\ti-cgt-arm_16.9.6.LTS\lib\rtsv7M4_T_le_v4SPD16_eabi.lib
       memcpy_t2.obj              156    0         0      
       autoinit.obj               112    0         0      
       copy_decompress_lzss.obj   104    0         0      
       exit.obj                   84     0         12     
       boot.obj                   84     0         0      
       cpy_tbl.obj                76     0         0      
       _lock.obj                  20     0         8      
       args_main.obj              24     0         0      
       copy_decompress_none.obj   14     0         0      
       pre_init.obj               4      0         0      
       stkdepth_vars.obj          0      0         4      
       mpu_init.obj               2      0         0      
       startup.obj                2      0         0      
    +--+--------------------------+------+---------+---------+
       Total:                     682    0         24     
                                                          
       Stack:                     0      0         512    
       Linker Generated:          0      34        0      
    +--+--------------------------+------+---------+---------+
       Grand Total:               1256   358       537    


LINKER GENERATED COPY TABLES

__TI_cinit_table @ 0000064c records: 1, size/record: 8, table size: 8
	.data: load addr=00000630, load size=00000012 bytes, run addr=20000000, run size=00000019 bytes, compression=lzss


LINKER GENERATED HANDLER TABLE

__TI_handler_table @ 00000644 records: 2, size/record: 4, table size: 8
	index: 0, handler: __TI_decompress_lzss
	index: 1, handler: __TI_decompress_none


GLOBAL SYMBOLS: SORTED ALPHABETICALLY BY Name 

address   name                           
-------   ----                           
000003c9  ADC14_IRQHandler               
000003d1  AES256_IRQHandler              
0000053d  C$$EXIT                        
000003a5  COMP_E0_IRQHandler             
000003a7  COMP_E1_IRQHandler             
0000039b  CS_IRQHandler                  
000003d5  DMA_ERR_IRQHandler             
000003dd  DMA_INT0_IRQHandler            
000003db  DMA_INT1_IRQHandler            
000003d9  DMA_INT2_IRQHandler            
000003d7  DMA_INT3_IRQHandler            
00000393  DebugMon_Handler               
000003eb  DisableInterrupts              
000003b9  EUSCIA0_IRQHandler             
000003bb  EUSCIA1_IRQHandler             
000003bd  EUSCIA2_IRQHandler             
000003bf  EUSCIA3_IRQHandler             
000003c1  EUSCIB0_IRQHandler             
000003c3  EUSCIB1_IRQHandler             
000003c5  EUSCIB2_IRQHandler             
000003c7  EUSCIB3_IRQHandler             
000003f1  EnableInterrupts               
00000401  EndCritical                    
000003a3  FLCTL_IRQHandler               
000003a1  FPU_IRQHandler                 
0000039d  PCM_IRQHandler                 
00000609  PORT1_IRQHandler               
000003e1  PORT2_IRQHandler               
000003e3  PORT3_IRQHandler               
000003e5  PORT4_IRQHandler               
000003e7  PORT5_IRQHandler               
000003e9  PORT6_IRQHandler               
00000399  PSS_IRQHandler                 
00000395  PendSV_Handler                 
0000021d  Port1_ISR                      
000003d3  RTC_C_IRQHandler               
UNDEFED   SHT$$INIT_ARRAY$$Base          
UNDEFED   SHT$$INIT_ARRAY$$Limit         
00000391  SVC_Handler                    
000003f7  StartCritical                  
00000397  SysTick_Handler                
000003cb  T32_INT1_IRQHandler            
000003cd  T32_INT2_IRQHandler            
000003cf  T32_INTC_IRQHandler            
000003a9  TA0_0_IRQHandler               
000003ab  TA0_N_IRQHandler               
000003ad  TA1_0_IRQHandler               
000003af  TA1_N_IRQHandler               
000003b1  TA2_0_IRQHandler               
000003b3  TA2_N_IRQHandler               
000003b5  TA3_0_IRQHandler               
000003b7  TA3_N_IRQHandler               
4000480c  WDTCTL_SYM                     
0000039f  WDT_A_IRQHandler               
00000409  WaitForInterrupt               
20010000  __STACK_END                    
00000200  __STACK_SIZE                   
0000064c  __TI_CINIT_Base                
00000654  __TI_CINIT_Limit               
00000644  __TI_Handler_Table_Base        
0000064c  __TI_Handler_Table_Limit       
00000411  __TI_auto_init                 
20000000  __TI_cleanup_ptr               
00000481  __TI_decompress_lzss           
00000619  __TI_decompress_none           
20000004  __TI_dtors_ptr                 
20000008  __TI_enable_exit_profile_output
ffffffff  __TI_pprof_out_hndl            
ffffffff  __TI_prof_data_size            
ffffffff  __TI_prof_data_start           
00000000  __TI_static_base__             
000002d9  __aeabi_memcpy                 
000002d9  __aeabi_memcpy4                
000002d9  __aeabi_memcpy8                
ffffffff  __binit__                      
ffffffff  __c_args__                     
0000040f  __mpu_init                     
2000fe00  __stack                        
000005dd  _args_main                     
000004e9  _c_int00                       
2000000c  _lock                          
00000603  _nop                           
000005fb  _register_lock                 
000005f5  _register_unlock               
0000062b  _system_post_cinit             
00000627  _system_pre_init               
20000010  _unlock                        
00000541  abort                          
0000018d  asm_main                       
ffffffff  binit                          
00000591  copy_in                        
00000549  exit                           
00000000  interruptVectors               
00000611  main                           
20000014  main_func_sp                   
000002d9  memcpy                         


GLOBAL SYMBOLS: SORTED BY Symbol Address 

address   name                           
-------   ----                           
00000000  __TI_static_base__             
00000000  interruptVectors               
0000018d  asm_main                       
00000200  __STACK_SIZE                   
0000021d  Port1_ISR                      
000002d9  __aeabi_memcpy                 
000002d9  __aeabi_memcpy4                
000002d9  __aeabi_memcpy8                
000002d9  memcpy                         
00000391  SVC_Handler                    
00000393  DebugMon_Handler               
00000395  PendSV_Handler                 
00000397  SysTick_Handler                
00000399  PSS_IRQHandler                 
0000039b  CS_IRQHandler                  
0000039d  PCM_IRQHandler                 
0000039f  WDT_A_IRQHandler               
000003a1  FPU_IRQHandler                 
000003a3  FLCTL_IRQHandler               
000003a5  COMP_E0_IRQHandler             
000003a7  COMP_E1_IRQHandler             
000003a9  TA0_0_IRQHandler               
000003ab  TA0_N_IRQHandler               
000003ad  TA1_0_IRQHandler               
000003af  TA1_N_IRQHandler               
000003b1  TA2_0_IRQHandler               
000003b3  TA2_N_IRQHandler               
000003b5  TA3_0_IRQHandler               
000003b7  TA3_N_IRQHandler               
000003b9  EUSCIA0_IRQHandler             
000003bb  EUSCIA1_IRQHandler             
000003bd  EUSCIA2_IRQHandler             
000003bf  EUSCIA3_IRQHandler             
000003c1  EUSCIB0_IRQHandler             
000003c3  EUSCIB1_IRQHandler             
000003c5  EUSCIB2_IRQHandler             
000003c7  EUSCIB3_IRQHandler             
000003c9  ADC14_IRQHandler               
000003cb  T32_INT1_IRQHandler            
000003cd  T32_INT2_IRQHandler            
000003cf  T32_INTC_IRQHandler            
000003d1  AES256_IRQHandler              
000003d3  RTC_C_IRQHandler               
000003d5  DMA_ERR_IRQHandler             
000003d7  DMA_INT3_IRQHandler            
000003d9  DMA_INT2_IRQHandler            
000003db  DMA_INT1_IRQHandler            
000003dd  DMA_INT0_IRQHandler            
000003e1  PORT2_IRQHandler               
000003e3  PORT3_IRQHandler               
000003e5  PORT4_IRQHandler               
000003e7  PORT5_IRQHandler               
000003e9  PORT6_IRQHandler               
000003eb  DisableInterrupts              
000003f1  EnableInterrupts               
000003f7  StartCritical                  
00000401  EndCritical                    
00000409  WaitForInterrupt               
0000040f  __mpu_init                     
00000411  __TI_auto_init                 
00000481  __TI_decompress_lzss           
000004e9  _c_int00                       
0000053d  C$$EXIT                        
00000541  abort                          
00000549  exit                           
00000591  copy_in                        
000005dd  _args_main                     
000005f5  _register_unlock               
000005fb  _register_lock                 
00000603  _nop                           
00000609  PORT1_IRQHandler               
00000611  main                           
00000619  __TI_decompress_none           
00000627  _system_pre_init               
0000062b  _system_post_cinit             
00000644  __TI_Handler_Table_Base        
0000064c  __TI_CINIT_Base                
0000064c  __TI_Handler_Table_Limit       
00000654  __TI_CINIT_Limit               
20000000  __TI_cleanup_ptr               
20000004  __TI_dtors_ptr                 
20000008  __TI_enable_exit_profile_output
2000000c  _lock                          
20000010  _unlock                        
20000014  main_func_sp                   
2000fe00  __stack                        
20010000  __STACK_END                    
4000480c  WDTCTL_SYM                     
ffffffff  __TI_pprof_out_hndl            
ffffffff  __TI_prof_data_size            
ffffffff  __TI_prof_data_start           
ffffffff  __binit__                      
ffffffff  __c_args__                     
ffffffff  binit                          
UNDEFED   SHT$$INIT_ARRAY$$Base          
UNDEFED   SHT$$INIT_ARRAY$$Limit         

[96 symbols]
